// Jest Snapshot v1, https://goo.gl/fbAQLP

exports[`Admin StepOne should render correctly 1`] = `
<div
  className="container d-flex flex-column justify-content"
>
  <form>
    <div
      className="form-group"
    >
      <label>
        Firstname
      </label>
      <input
        className="form-control input-box rounded-0"
        defaultValue={null}
        onChange={[Function]}
        placeholder="First Name"
        type="text"
      />
    </div>
    <div
      className="form-group"
    >
      <label>
        Lastname
      </label>
      <input
        className="form-control input-box rounded-0"
        defaultValue={null}
        onChange={[Function]}
        placeholder="Last Name"
        type="text"
      />
    </div>
    <div
      className="form-group"
    >
      <label>
        Email
      </label>
      <input
        className="form-control input-box rounded-0"
        defaultValue={null}
        onChange={[Function]}
        placeholder="Email"
        required={true}
        type="text"
      />
    </div>
  </form>
  <div
    className="d-flex justify-content-between"
  >
    <a
      className="btn btn-primary rounded-0"
      href="/"
    >
      Go Back
    </a>
    <button
      className="btn btn-primary rounded-0"
      onClick={[Function]}
    >
      Next Step
    </button>
  </div>
</div>
`;
